CRITICAL - 2026-09-21 10:33:41 --> ErrorException: Undefined array key "name"
[Method: GET, Route: customers]
in APPPATH\Views\customers.php on line 27.
 1 APPPATH\Views\customers.php(27): CodeIgniter\Debug\Exceptions->errorHandler(2, 'Undefined array key "name"', 'C:\\Users\\insta\\OneDrive\\Documents\\Web System Technologies\\pos-system-tfa2\\app\\Views\\customers.php', 27)
 2 SYSTEMPATH\View\View.php(240): include('C:\\Users\\insta\\OneDrive\\Documents\\Web System Technologies\\pos-system-tfa2\\app\\Views\\customers.php')
 3 SYSTEMPATH\View\View.php(243): CodeIgniter\View\View->CodeIgniter\View\{closure}()
 4 SYSTEMPATH\Common.php(1268): CodeIgniter\View\View->render('customers', [], true)
 5 APPPATH\Controllers\Customers.php(15): view('customers', [...])
 6 SYSTEMPATH\CodeIgniter.php(974): App\Controllers\Customers->index()
 7 SYSTEMPATH\CodeIgniter.php(520): CodeIgniter\CodeIgniter->runController(Object(App\Controllers\Customers))
 8 SYSTEMPATH\CodeIgniter.php(363): CodeIgniter\CodeIgniter->handleRequest(null, Object(Config\Cache), false)
 9 SYSTEMPATH\Boot.php(417): CodeIgniter\CodeIgniter->run()
10 SYSTEMPATH\Boot.php(68): CodeIgniter\Boot::runCodeIgniter(Object(CodeIgniter\CodeIgniter))
11 FCPATH\index.php(59): CodeIgniter\Boot::bootWeb(Object(Config\Paths))
12 SYSTEMPATH\rewrite.php(44): require_once('C:\\Users\\insta\\OneDrive\\Documents\\Web System Technologies\\pos-system-tfa2\\public\\index.php')
CRITICAL - 2026-09-21 10:33:53 --> ErrorException: Undefined array key "name"
[Method: GET, Route: customers]
in APPPATH\Views\customers.php on line 27.
 1 APPPATH\Views\customers.php(27): CodeIgniter\Debug\Exceptions->errorHandler(2, 'Undefined array key "name"', 'C:\\Users\\insta\\OneDrive\\Documents\\Web System Technologies\\pos-system-tfa2\\app\\Views\\customers.php', 27)
 2 SYSTEMPATH\View\View.php(240): include('C:\\Users\\insta\\OneDrive\\Documents\\Web System Technologies\\pos-system-tfa2\\app\\Views\\customers.php')
 3 SYSTEMPATH\View\View.php(243): CodeIgniter\View\View->CodeIgniter\View\{closure}()
 4 SYSTEMPATH\Common.php(1268): CodeIgniter\View\View->render('customers', [], true)
 5 APPPATH\Controllers\Customers.php(15): view('customers', [...])
 6 SYSTEMPATH\CodeIgniter.php(974): App\Controllers\Customers->index()
 7 SYSTEMPATH\CodeIgniter.php(520): CodeIgniter\CodeIgniter->runController(Object(App\Controllers\Customers))
 8 SYSTEMPATH\CodeIgniter.php(363): CodeIgniter\CodeIgniter->handleRequest(null, Object(Config\Cache), false)
 9 SYSTEMPATH\Boot.php(417): CodeIgniter\CodeIgniter->run()
10 SYSTEMPATH\Boot.php(68): CodeIgniter\Boot::runCodeIgniter(Object(CodeIgniter\CodeIgniter))
11 FCPATH\index.php(59): CodeIgniter\Boot::bootWeb(Object(Config\Paths))
12 SYSTEMPATH\rewrite.php(44): require_once('C:\\Users\\insta\\OneDrive\\Documents\\Web System Technologies\\pos-system-tfa2\\public\\index.php')
CRITICAL - 2026-09-21 10:34:21 --> ErrorException: Undefined array key "name"
[Method: GET, Route: customers]
in APPPATH\Views\customers.php on line 27.
 1 APPPATH\Views\customers.php(27): CodeIgniter\Debug\Exceptions->errorHandler(2, 'Undefined array key "name"', 'C:\\Users\\insta\\OneDrive\\Documents\\Web System Technologies\\pos-system-tfa2\\app\\Views\\customers.php', 27)
 2 SYSTEMPATH\View\View.php(240): include('C:\\Users\\insta\\OneDrive\\Documents\\Web System Technologies\\pos-system-tfa2\\app\\Views\\customers.php')
 3 SYSTEMPATH\View\View.php(243): CodeIgniter\View\View->CodeIgniter\View\{closure}()
 4 SYSTEMPATH\Common.php(1268): CodeIgniter\View\View->render('customers', [], true)
 5 APPPATH\Controllers\Customers.php(15): view('customers', [...])
 6 SYSTEMPATH\CodeIgniter.php(974): App\Controllers\Customers->index()
 7 SYSTEMPATH\CodeIgniter.php(520): CodeIgniter\CodeIgniter->runController(Object(App\Controllers\Customers))
 8 SYSTEMPATH\CodeIgniter.php(363): CodeIgniter\CodeIgniter->handleRequest(null, Object(Config\Cache), false)
 9 SYSTEMPATH\Boot.php(417): CodeIgniter\CodeIgniter->run()
10 SYSTEMPATH\Boot.php(68): CodeIgniter\Boot::runCodeIgniter(Object(CodeIgniter\CodeIgniter))
11 FCPATH\index.php(59): CodeIgniter\Boot::bootWeb(Object(Config\Paths))
12 SYSTEMPATH\rewrite.php(44): require_once('C:\\Users\\insta\\OneDrive\\Documents\\Web System Technologies\\pos-system-tfa2\\public\\index.php')
CRITICAL - 2026-09-21 10:34:27 --> ErrorException: Undefined array key "name"
[Method: GET, Route: customers]
in APPPATH\Views\customers.php on line 27.
 1 APPPATH\Views\customers.php(27): CodeIgniter\Debug\Exceptions->errorHandler(2, 'Undefined array key "name"', 'C:\\Users\\insta\\OneDrive\\Documents\\Web System Technologies\\pos-system-tfa2\\app\\Views\\customers.php', 27)
 2 SYSTEMPATH\View\View.php(240): include('C:\\Users\\insta\\OneDrive\\Documents\\Web System Technologies\\pos-system-tfa2\\app\\Views\\customers.php')
 3 SYSTEMPATH\View\View.php(243): CodeIgniter\View\View->CodeIgniter\View\{closure}()
 4 SYSTEMPATH\Common.php(1268): CodeIgniter\View\View->render('customers', [], true)
 5 APPPATH\Controllers\Customers.php(15): view('customers', [...])
 6 SYSTEMPATH\CodeIgniter.php(974): App\Controllers\Customers->index()
 7 SYSTEMPATH\CodeIgniter.php(520): CodeIgniter\CodeIgniter->runController(Object(App\Controllers\Customers))
 8 SYSTEMPATH\CodeIgniter.php(363): CodeIgniter\CodeIgniter->handleRequest(null, Object(Config\Cache), false)
 9 SYSTEMPATH\Boot.php(417): CodeIgniter\CodeIgniter->run()
10 SYSTEMPATH\Boot.php(68): CodeIgniter\Boot::runCodeIgniter(Object(CodeIgniter\CodeIgniter))
11 FCPATH\index.php(59): CodeIgniter\Boot::bootWeb(Object(Config\Paths))
12 SYSTEMPATH\rewrite.php(44): require_once('C:\\Users\\insta\\OneDrive\\Documents\\Web System Technologies\\pos-system-tfa2\\public\\index.php')
